2026-01-01 12:15:33,808 WARNING google_languages Warning: Egyptian Arabic not found in the database for group Arabic.
2026-01-01 12:15:34,182 INFO signals Successfully created language preferences for user testuser (ID: 4)
2026-01-01 12:15:34,201 ERROR library_views Error updating book
Traceback (most recent call last):
  File "/home/runner/work/lexiflux/lexiflux/lexiflux/views/library_views.py", line 132, in post
    language = Language.objects.get(google_code=language_code)
               ^^^^^^^^^^^^^^^^^^^^^^^^^^^^^^^^^^^^^^^^^^^^^^^
  File "/home/runner/work/lexiflux/lexiflux/.venv/lib/python3.12/site-packages/django/db/models/manager.py", line 87, in manager_method
    return getattr(self.get_queryset(), name)(*args, **kwargs)
           ^^^^^^^^^^^^^^^^^^^^^^^^^^^^^^^^^^^^^^^^^^^^^^^^^^^
  File "/home/runner/work/lexiflux/lexiflux/.venv/lib/python3.12/site-packages/django/db/models/query.py", line 639, in get
    raise self.model.DoesNotExist(
lexiflux.models.Language.DoesNotExist: Language matching query does not exist.
2026-01-01 12:15:34,201 ERROR middleware Exception: An error occurred while saving the book: Language matching query does not exist.
Traceback (most recent call last):
  File "/home/runner/work/lexiflux/lexiflux/lexiflux/views/library_views.py", line 132, in post
    language = Language.objects.get(google_code=language_code)
               ^^^^^^^^^^^^^^^^^^^^^^^^^^^^^^^^^^^^^^^^^^^^^^^
  File "/home/runner/work/lexiflux/lexiflux/.venv/lib/python3.12/site-packages/django/db/models/manager.py", line 87, in manager_method
    return getattr(self.get_queryset(), name)(*args, **kwargs)
           ^^^^^^^^^^^^^^^^^^^^^^^^^^^^^^^^^^^^^^^^^^^^^^^^^^^
  File "/home/runner/work/lexiflux/lexiflux/.venv/lib/python3.12/site-packages/django/db/models/query.py", line 639, in get
    raise self.model.DoesNotExist(
lexiflux.models.Language.DoesNotExist: Language matching query does not exist.

The above exception was the direct cause of the following exception:

Traceback (most recent call last):
  File "/home/runner/work/lexiflux/lexiflux/.venv/lib/python3.12/site-packages/django/core/handlers/base.py", line 198, in _get_response
    response = wrapped_callback(request, *callback_args, **callback_kwargs)
               ^^^^^^^^^^^^^^^^^^^^^^^^^^^^^^^^^^^^^^^^^^^^^^^^^^^^^^^^^^^^
  File "/home/runner/work/lexiflux/lexiflux/.venv/lib/python3.12/site-packages/django/views/generic/base.py", line 106, in view
    return self.dispatch(request, *args, **kwargs)
           ^^^^^^^^^^^^^^^^^^^^^^^^^^^^^^^^^^^^^^^
  File "/home/runner/work/lexiflux/lexiflux/.venv/lib/python3.12/site-packages/django/utils/decorators.py", line 48, in _wrapper
    return bound_method(*args, **kwargs)
           ^^^^^^^^^^^^^^^^^^^^^^^^^^^^^
  File "/home/runner/work/lexiflux/lexiflux/lexiflux/auth.py", line 78, in wrapper
    return login_required(view_func)(request, *args, **kwargs)
           ^^^^^^^^^^^^^^^^^^^^^^^^^^^^^^^^^^^^^^^^^^^^^^^^^^^
  File "/home/runner/work/lexiflux/lexiflux/.venv/lib/python3.12/site-packages/django/contrib/auth/decorators.py", line 59, in _view_wrapper
    return view_func(request, *args, **kwargs)
           ^^^^^^^^^^^^^^^^^^^^^^^^^^^^^^^^^^^
  File "/home/runner/work/lexiflux/lexiflux/lexiflux/views/library_views.py", line 86, in dispatch
    return super().dispatch(request, *args, **kwargs)
           ^^^^^^^^^^^^^^^^^^^^^^^^^^^^^^^^^^^^^^^^^^
  File "/home/runner/work/lexiflux/lexiflux/.venv/lib/python3.12/site-packages/django/views/generic/base.py", line 145, in dispatch
    return handler(request, *args, **kwargs)
           ^^^^^^^^^^^^^^^^^^^^^^^^^^^^^^^^^
  File "/home/runner/work/lexiflux/lexiflux/lexiflux/views/library_views.py", line 154, in post
    raise ValueError(f"An error occurred while saving the book: {e}") from e
ValueError: An error occurred while saving the book: Language matching query does not exist.
2026-01-01 12:15:34,203 WARNING log Bad Request: /modals/edit-book/4/
